REVERT

PS C:\Users\299753\Desktop\git> echo "This is a demo file" > demo.txt
>>
PS C:\Users\299753\Desktop\git> git add demo.txt
PS C:\Users\299753\Desktop\git> git commit -m "Add demo.txt file"
[main ccdb01b] Add demo.txt file
 Committer: Sheethal Shobi(UST <299753@ust.com>
Your name and email address were configured automatically based
on your username and hostname. Please check that they are accurate.
You can suppress this message by setting them explicitly:

    git config --global user.name "Your Name"
    git config --global user.email you@example.com

After doing this, you may fix the identity used for this commit with:

    git commit --amend --reset-author

 1 file changed, 0 insertions(+), 0 deletions(-)
 create mode 100644 demo.txt
PS C:\Users\299753\Desktop\git> git push origin main
Enumerating objects: 4, done.
Counting objects: 100% (4/4), done.
Delta compression using up to 8 threads
Compressing objects: 100% (2/2), done.
Writing objects: 100% (3/3), 328 bytes | 109.00 KiB/s, done.
Total 3 (delta 0), reused 0 (delta 0), pack-reused 0 (from 0)
To https://github.com/SheethalShobi/Git-Demo.git
   af0b637..ccdb01b  main -> main
PS C:\Users\299753\Desktop\git> git rm demo.txt
rm 'demo.txt'
PS C:\Users\299753\Desktop\git> git commit -m "Remove demo.txt file"
[main 6a9d787] Remove demo.txt file
 Committer: Sheethal Shobi(UST <299753@ust.com>
Your name and email address were configured automatically based
on your username and hostname. Please check that they are accurate.
You can suppress this message by setting them explicitly:

    git config --global user.name "Your Name"
    git config --global user.email you@example.com

After doing this, you may fix the identity used for this commit with:

    git commit --amend --reset-author

 1 file changed, 0 insertions(+), 0 deletions(-)
 delete mode 100644 demo.txt
PS C:\Users\299753\Desktop\git> git push origin main
Enumerating objects: 3, done.
Counting objects: 100% (3/3), done.
Delta compression using up to 8 threads
Compressing objects: 100% (1/1), done.
Writing objects: 100% (2/2), 253 bytes | 126.00 KiB/s, done.
Total 2 (delta 0), reused 0 (delta 0), pack-reused 0 (from 0)
To https://github.com/SheethalShobi/Git-Demo.git
   ccdb01b..6a9d787  main -> main
PS C:\Users\299753\Desktop\git> git log --oneline
>>
6a9d787 (HEAD -> main, origin/main) Remove demo.txt file
ccdb01b Add demo.txt file
af0b637 added readme file
PS C:\Users\299753\Desktop\git> git revert 6a9d787
>>
[main 56ac0d2] Revert "Remove demo.txt file"
 Committer: Sheethal Shobi(UST <299753@ust.com>
Your name and email address were configured automatically based
on your username and hostname. Please check that they are accurate.
You can suppress this message by setting them explicitly:

    git config --global user.name "Your Name"
    git config --global user.email you@example.com

After doing this, you may fix the identity used for this commit with:

    git commit --amend --reset-author

 1 file changed, 0 insertions(+), 0 deletions(-)
 create mode 100644 demo.txt
PS C:\Users\299753\Desktop\git> git push origin main
>>
Enumerating objects: 4, done.
Counting objects: 100% (4/4), done.
Delta compression using up to 8 threads
Compressing objects: 100% (2/2), done.
Writing objects: 100% (3/3), 357 bytes | 119.00 KiB/s, done.
Total 3 (delta 0), reused 0 (delta 0), pack-reused 0 (from 0)
To https://github.com/SheethalShobi/Git-Demo.git
   6a9d787..56ac0d2  main -> main
PS C:\Users\299753\Desktop\git> 
